Traceback (most recent call last):
  File "/ether/aegis/Research_HEP/run_kinematics.py", line 190, in <module>
    main()
  File "/ether/aegis/Research_HEP/run_kinematics.py", line 181, in main
    plt.tight_layout()
  File "/home/aegis/NRAD_env/lib/python3.10/site-packages/matplotlib/pyplot.py", line 2843, in tight_layout
    gcf().tight_layout(pad=pad, h_pad=h_pad, w_pad=w_pad, rect=rect)
  File "/home/aegis/NRAD_env/lib/python3.10/site-packages/matplotlib/figure.py", line 3640, in tight_layout
    engine.execute(self)
  File "/home/aegis/NRAD_env/lib/python3.10/site-packages/matplotlib/layout_engine.py", line 188, in execute
    kwargs = get_tight_layout_figure(
  File "/home/aegis/NRAD_env/lib/python3.10/site-packages/matplotlib/_tight_layout.py", line 266, in get_tight_layout_figure
    kwargs = _auto_adjust_subplotpars(fig, renderer,
  File "/home/aegis/NRAD_env/lib/python3.10/site-packages/matplotlib/_tight_layout.py", line 82, in _auto_adjust_subplotpars
    bb += [martist._get_tightbbox_for_layout_only(ax, renderer)]
  File "/home/aegis/NRAD_env/lib/python3.10/site-packages/matplotlib/artist.py", line 1402, in _get_tightbbox_for_layout_only
    return obj.get_tightbbox(*args, **{**kwargs, "for_layout_only": True})
  File "/home/aegis/NRAD_env/lib/python3.10/site-packages/matplotlib/axes/_base.py", line 4564, in get_tightbbox
    ba = martist._get_tightbbox_for_layout_only(axis, renderer)
  File "/home/aegis/NRAD_env/lib/python3.10/site-packages/matplotlib/artist.py", line 1402, in _get_tightbbox_for_layout_only
    return obj.get_tightbbox(*args, **{**kwargs, "for_layout_only": True})
  File "/home/aegis/NRAD_env/lib/python3.10/site-packages/matplotlib/axis.py", line 1369, in get_tightbbox
    bb = self.label.get_window_extent(renderer)
  File "/home/aegis/NRAD_env/lib/python3.10/site-packages/matplotlib/text.py", line 969, in get_window_extent
    bbox, info, descent = self._get_layout(self._renderer)
  File "/home/aegis/NRAD_env/lib/python3.10/site-packages/matplotlib/text.py", line 382, in _get_layout
    w, h, d = _get_text_metrics_with_cache(
  File "/home/aegis/NRAD_env/lib/python3.10/site-packages/matplotlib/text.py", line 69, in _get_text_metrics_with_cache
    return _get_text_metrics_with_cache_impl(
  File "/home/aegis/NRAD_env/lib/python3.10/site-packages/matplotlib/text.py", line 77, in _get_text_metrics_with_cache_impl
    return renderer_ref().get_text_width_height_descent(text, fontprop, ismath)
  File "/home/aegis/NRAD_env/lib/python3.10/site-packages/matplotlib/backends/backend_agg.py", line 215, in get_text_width_height_descent
    self.mathtext_parser.parse(s, self.dpi, prop)
  File "/home/aegis/NRAD_env/lib/python3.10/site-packages/matplotlib/mathtext.py", line 86, in parse
    return self._parse_cached(s, dpi, prop, antialiased, load_glyph_flags)
  File "/home/aegis/NRAD_env/lib/python3.10/site-packages/matplotlib/mathtext.py", line 100, in _parse_cached
    box = self._parser.parse(s, fontset, fontsize, dpi)
  File "/home/aegis/NRAD_env/lib/python3.10/site-packages/matplotlib/_mathtext.py", line 2167, in parse
    raise ValueError("\n" + ParseException.explain(err, 0)) from None
ValueError: 
$\\eta^{j1}$
^
ParseException: Expected end of text, found '$'  (at char 0), (line:1, col:1)
