Logging to logs/2026-07-10_run1_Diboson.txt


=== Processing Process Diboson ===

--- Dataset mc20_13TeV_MC_Sh_2211_WlvZqq: 8 files ---
Selected 8 files
[1/8] Processing root://eospublic.cern.ch//eos/opendata/atlas/rucio/mc20_13TeV/DAOD_PHYSLITE.38191237._000196.pool.root.1
[2/8] Processing root://eospublic.cern.ch//eos/opendata/atlas/rucio/mc20_13TeV/DAOD_PHYSLITE.38191237._000014.pool.root.1
[3/8] Processing root://eospublic.cern.ch//eos/opendata/atlas/rucio/mc20_13TeV/DAOD_PHYSLITE.38191237._000020.pool.root.1
[4/8] Processing root://eospublic.cern.ch//eos/opendata/atlas/rucio/mc20_13TeV/DAOD_PHYSLITE.38191237._000018.pool.root.1
[5/8] Processing root://eospublic.cern.ch//eos/opendata/atlas/rucio/mc20_13TeV/DAOD_PHYSLITE.38191237._000013.pool.root.1
[6/8] Processing root://eospublic.cern.ch//eos/opendata/atlas/rucio/mc20_13TeV/DAOD_PHYSLITE.38191237._000019.pool.root.1
[7/8] Processing root://eospublic.cern.ch//eos/opendata/atlas/rucio/mc20_13TeV/DAOD_PHYSLITE.38191237._000011.pool.root.1
[8/8] Processing root://eospublic.cern.ch//eos/opendata/atlas/rucio/mc20_13TeV/DAOD_PHYSLITE.38191237._000021.pool.root.1

--- Dataset mc20_13TeV_MC_Sh_2211_WqqZvv: 4 files ---
Selected 4 files
[1/4] Processing root://eospublic.cern.ch//eos/opendata/atlas/rucio/mc20_13TeV/DAOD_PHYSLITE.38191655._000103.pool.root.1
[2/4] Processing root://eospublic.cern.ch//eos/opendata/atlas/rucio/mc20_13TeV/DAOD_PHYSLITE.38191655._000114.pool.root.1
[3/4] Processing root://eospublic.cern.ch//eos/opendata/atlas/rucio/mc20_13TeV/DAOD_PHYSLITE.38191655._000036.pool.root.1
[4/4] Processing root://eospublic.cern.ch//eos/opendata/atlas/rucio/mc20_13TeV/DAOD_PHYSLITE.38191655._000037.pool.root.1

--- Dataset mc20_13TeV_MC_Sh_2211_ZqqZvv: 2 files ---
Selected 2 files
[1/2] Processing root://eospublic.cern.ch//eos/opendata/atlas/rucio/mc20_13TeV/DAOD_PHYSLITE.38191895._000011.pool.root.1
[2/2] Processing root://eospublic.cern.ch//eos/opendata/atlas/rucio/mc20_13TeV/DAOD_PHYSLITE.38191895._000012.pool.root.1

--- Dataset mc20_13TeV_MC_Sh_2211_WlvWqq: 22 files ---
Selected 22 files
[1/22] Processing root://eospublic.cern.ch//eos/opendata/atlas/rucio/mc20_13TeV/DAOD_PHYSLITE.38191519._000194.pool.root.1
[2/22] Processing root://eospublic.cern.ch//eos/opendata/atlas/rucio/mc20_13TeV/DAOD_PHYSLITE.38191519._000196.pool.root.1
[3/22] Processing root://eospublic.cern.ch//eos/opendata/atlas/rucio/mc20_13TeV/DAOD_PHYSLITE.38191519._000047.pool.root.1
[4/22] Processing root://eospublic.cern.ch//eos/opendata/atlas/rucio/mc20_13TeV/DAOD_PHYSLITE.38191519._000123.pool.root.1
[5/22] Processing root://eospublic.cern.ch//eos/opendata/atlas/rucio/mc20_13TeV/DAOD_PHYSLITE.38191519._000193.pool.root.1
[6/22] Processing root://eospublic.cern.ch//eos/opendata/atlas/rucio/mc20_13TeV/DAOD_PHYSLITE.38191519._000042.pool.root.1
[7/22] Processing root://eospublic.cern.ch//eos/opendata/atlas/rucio/mc20_13TeV/DAOD_PHYSLITE.38191519._000192.pool.root.1
[8/22] Processing root://eospublic.cern.ch//eos/opendata/atlas/rucio/mc20_13TeV/DAOD_PHYSLITE.38191519._000044.pool.root.1
[9/22] Processing root://eospublic.cern.ch//eos/opendata/atlas/rucio/mc20_13TeV/DAOD_PHYSLITE.38191519._000043.pool.root.1
[10/22] Processing root://eospublic.cern.ch//eos/opendata/atlas/rucio/mc20_13TeV/DAOD_PHYSLITE.38191519._000200.pool.root.1
[11/22] Processing root://eospublic.cern.ch//eos/opendata/atlas/rucio/mc20_13TeV/DAOD_PHYSLITE.38191519._000046.pool.root.1
[12/22] Processing root://eospublic.cern.ch//eos/opendata/atlas/rucio/mc20_13TeV/DAOD_PHYSLITE.38191519._000197.pool.root.1
[13/22] Processing root://eospublic.cern.ch//eos/opendata/atlas/rucio/mc20_13TeV/DAOD_PHYSLITE.38191519._000198.pool.root.1
[14/22] Processing root://eospublic.cern.ch//eos/opendata/atlas/rucio/mc20_13TeV/DAOD_PHYSLITE.38191519._000050.pool.root.1
[15/22] Processing root://eospublic.cern.ch//eos/opendata/atlas/rucio/mc20_13TeV/DAOD_PHYSLITE.38191519._000049.pool.root.1
[16/22] Processing root://eospublic.cern.ch//eos/opendata/atlas/rucio/mc20_13TeV/DAOD_PHYSLITE.38191519._000048.pool.root.1
[17/22] Processing root://eospublic.cern.ch//eos/opendata/atlas/rucio/mc20_13TeV/DAOD_PHYSLITE.38191519._000199.pool.root.1
[18/22] Processing root://eospublic.cern.ch//eos/opendata/atlas/rucio/mc20_13TeV/DAOD_PHYSLITE.38191519._000207.pool.root.1
[19/22] Processing root://eospublic.cern.ch//eos/opendata/atlas/rucio/mc20_13TeV/DAOD_PHYSLITE.38191519._000051.pool.root.1
[20/22] Processing root://eospublic.cern.ch//eos/opendata/atlas/rucio/mc20_13TeV/DAOD_PHYSLITE.38191519._000045.pool.root.1
[21/22] Processing root://eospublic.cern.ch//eos/opendata/atlas/rucio/mc20_13TeV/DAOD_PHYSLITE.38191519._000201.pool.root.1
[22/22] Processing root://eospublic.cern.ch//eos/opendata/atlas/rucio/mc20_13TeV/DAOD_PHYSLITE.38191519._000195.pool.root.1

✅ Finished processing Diboson. Results saved in NRAD_Dataset/MC/reduce_root/Diboson/
