2025-11-24 01:37:32,423 [INFO] A: used 2999/2999 files, 8348904 valid events
2025-11-24 01:43:25,229 [INFO] B: used 2380/2380 files, 21524248 valid events
2025-11-24 01:53:13,931 [INFO] C: used 5099/5099 files, 35342445 valid events
2025-11-24 02:05:44,844 [INFO] D: used 7210/7210 files, 45239475 valid events
2025-11-24 02:09:28,382 [INFO] E: used 2519/2519 files, 13577313 valid events
2025-11-24 02:15:39,129 [INFO] F: used 4197/4197 files, 22522856 valid events
2025-11-24 02:22:51,491 [INFO] G: used 4008/4008 files, 25958067 valid events
2025-11-24 02:33:26,686 [INFO] I: used 6276/6276 files, 38491862 valid events
2025-11-24 02:37:40,018 [INFO] K: used 2644/2644 files, 15345403 valid events
2025-11-24 02:49:03,238 [INFO] L: used 7356/7356 files, 40828840 valid events
2025-11-24 02:49:04,257 [INFO] Diboson: used 24/24 files, 58874 valid events
2025-11-24 02:56:13,526 [INFO] Multijet: used 971/972 files, 24660145 valid events
2025-11-24 02:56:13,646 [INFO] Single_top: used 16/16 files, 6505 valid events
2025-11-24 02:56:16,396 [INFO] ttbar: used 203/203 files, 158098 valid events
2025-11-24 02:56:28,472 [INFO] Zjets: used 573/573 files, 676001 valid events
2025-11-24 02:59:40,161 [INFO] Wjets: used 3981/3981 files, 9392190 valid events
2025-11-24 03:01:59,109 [INFO] A: used 2999/2999 files, 8435098 valid events
2025-11-24 03:07:54,456 [INFO] B: used 2380/2380 files, 21772540 valid events
2025-11-24 03:17:40,073 [INFO] C: used 5099/5099 files, 35706262 valid events
2025-11-24 03:30:07,155 [INFO] D: used 7210/7210 files, 45898250 valid events
2025-11-24 03:33:58,467 [INFO] E: used 2519/2519 files, 13823705 valid events
2025-11-24 03:40:17,816 [INFO] F: used 4197/4197 files, 22942749 valid events
2025-11-24 03:47:32,840 [INFO] G: used 4008/4008 files, 26441764 valid events
2025-11-24 03:58:26,719 [INFO] I: used 6276/6276 files, 39209400 valid events
2025-11-24 04:02:45,674 [INFO] K: used 2644/2644 files, 15638504 valid events
2025-11-24 04:14:17,043 [INFO] L: used 7356/7356 files, 41596065 valid events
2025-11-24 04:14:18,301 [INFO] Diboson: used 24/24 files, 64578 valid events
2025-11-24 04:22:20,827 [INFO] Multijet: used 971/972 files, 28217134 valid events
2025-11-24 04:22:20,966 [INFO] Single_top: used 16/16 files, 6643 valid events
2025-11-24 04:22:24,008 [INFO] ttbar: used 203/203 files, 164549 valid events
2025-11-24 04:22:40,134 [INFO] Zjets: used 573/573 files, 752749 valid events
2025-11-24 04:26:14,924 [INFO] Wjets: used 3981/3981 files, 10120313 valid events
2025-11-24 04:28:38,856 [INFO] A: used 2999/2999 files, 8448627 valid events
2025-11-24 04:34:37,469 [INFO] B: used 2380/2380 files, 21844757 valid events
2025-11-24 04:44:33,336 [INFO] C: used 5099/5099 files, 35806706 valid events
2025-11-24 04:57:13,606 [INFO] D: used 7210/7210 files, 46115775 valid events
2025-11-24 05:01:02,220 [INFO] E: used 2519/2519 files, 13914292 valid events
2025-11-24 05:07:22,378 [INFO] F: used 4197/4197 files, 23107849 valid events
2025-11-24 05:14:38,788 [INFO] G: used 4008/4008 files, 26645651 valid events
2025-11-24 05:25:25,332 [INFO] I: used 6276/6276 files, 39507790 valid events
2025-11-24 05:29:40,598 [INFO] K: used 2644/2644 files, 15765313 valid events
2025-11-24 05:40:59,248 [INFO] L: used 7356/7356 files, 41917978 valid events
2025-11-24 05:41:00,358 [INFO] Diboson: used 24/24 files, 66896 valid events
2025-11-24 05:50:26,159 [INFO] Multijet: used 972/972 files, 33738137 valid events
2025-11-24 05:50:26,280 [INFO] Single_top: used 16/16 files, 6570 valid events
2025-11-24 05:50:29,187 [INFO] ttbar: used 203/203 files, 168215 valid events
2025-11-24 05:50:42,347 [INFO] Zjets: used 573/573 files, 768686 valid events
2025-11-24 05:53:40,697 [INFO] Wjets: used 3981/3981 files, 10764699 valid events
2025-11-24 05:55:59,875 [INFO] A: used 2999/2999 files, 8405531 valid events
2025-11-24 06:01:55,376 [INFO] B: used 2380/2380 files, 21777897 valid events
2025-11-24 06:11:45,807 [INFO] C: used 5099/5099 files, 35692777 valid events
2025-11-24 06:24:21,189 [INFO] D: used 7210/7210 files, 45923570 valid events
2025-11-24 06:28:09,945 [INFO] E: used 2519/2519 files, 13858702 valid events
2025-11-24 06:34:31,436 [INFO] F: used 4197/4197 files, 23016884 valid events
2025-11-24 06:41:48,821 [INFO] G: used 4008/4008 files, 26533704 valid events
2025-11-24 06:52:38,076 [INFO] I: used 6276/6276 files, 39343823 valid events
2025-11-24 06:56:56,523 [INFO] K: used 2644/2644 files, 15695163 valid events
2025-11-24 07:08:24,524 [INFO] L: used 7356/7356 files, 41760863 valid events
2025-11-24 07:08:25,651 [INFO] Diboson: used 24/24 files, 66466 valid events
2025-11-24 07:18:04,203 [INFO] Multijet: used 972/972 files, 33662806 valid events
2025-11-24 07:18:04,324 [INFO] Single_top: used 16/16 files, 6583 valid events
2025-11-24 07:18:07,238 [INFO] ttbar: used 203/203 files, 167729 valid events
2025-11-24 07:18:20,140 [INFO] Zjets: used 573/573 files, 757047 valid events
2025-11-24 07:21:20,101 [INFO] Wjets: used 3981/3981 files, 10682888 valid events
2025-11-24 07:23:42,700 [INFO] A: used 2999/2999 files, 8500586 valid events
2025-11-24 07:29:43,373 [INFO] B: used 2380/2380 files, 21955771 valid events
2025-11-24 07:39:36,450 [INFO] C: used 5099/5099 files, 35983687 valid events
2025-11-24 07:52:19,529 [INFO] D: used 7210/7210 files, 46396237 valid events
2025-11-24 07:56:10,427 [INFO] E: used 2519/2519 files, 14012191 valid events
2025-11-24 08:02:33,417 [INFO] F: used 4197/4197 files, 23257525 valid events
2025-11-24 08:09:55,866 [INFO] G: used 4008/4008 files, 26808320 valid events
2025-11-24 08:20:52,019 [INFO] I: used 6276/6276 files, 39747110 valid events
2025-11-24 08:25:13,358 [INFO] K: used 2644/2644 files, 15857180 valid events
2025-11-24 08:36:47,655 [INFO] L: used 7356/7356 files, 42172211 valid events
2025-11-24 08:36:48,808 [INFO] Diboson: used 24/24 files, 67013 valid events
2025-11-24 08:46:30,004 [INFO] Multijet: used 972/972 files, 33618489 valid events
2025-11-24 08:46:30,128 [INFO] Single_top: used 16/16 files, 6670 valid events
2025-11-24 08:46:33,071 [INFO] ttbar: used 203/203 files, 168581 valid events
2025-11-24 08:46:46,267 [INFO] Zjets: used 573/573 files, 770510 valid events
2025-11-24 08:49:50,950 [INFO] Wjets: used 3981/3981 files, 10791391 valid events
2025-11-24 08:52:11,489 [INFO] A: used 2999/2999 files, 8453788 valid events
2025-11-24 08:58:08,630 [INFO] B: used 2380/2380 files, 21849336 valid events
2025-11-24 09:07:54,514 [INFO] C: used 5099/5099 files, 35816988 valid events
2025-11-24 09:22:02,357 [INFO] D: used 7210/7210 files, 46153254 valid events
2025-11-24 09:25:50,918 [INFO] E: used 2519/2519 files, 13927958 valid events
2025-11-24 09:32:10,869 [INFO] F: used 4197/4197 files, 23130566 valid events
2025-11-24 09:39:29,365 [INFO] G: used 4008/4008 files, 26666952 valid events
2025-11-24 09:50:17,838 [INFO] I: used 6276/6276 files, 39536400 valid events
2025-11-24 09:54:35,718 [INFO] K: used 2644/2644 files, 15772695 valid events
2025-11-24 10:06:02,516 [INFO] L: used 7356/7356 files, 41948675 valid events
2025-11-24 10:06:03,641 [INFO] Diboson: used 24/24 files, 66561 valid events
2025-11-24 10:15:39,021 [INFO] Multijet: used 972/972 files, 33719538 valid events
2025-11-24 10:15:39,142 [INFO] Single_top: used 16/16 files, 6598 valid events
2025-11-24 10:15:42,060 [INFO] ttbar: used 203/203 files, 168124 valid events
2025-11-24 10:15:55,065 [INFO] Zjets: used 573/573 files, 768532 valid events
2025-11-24 10:18:54,255 [INFO] Wjets: used 3981/3981 files, 10715934 valid events
2025-11-24 10:21:12,711 [INFO] A: used 2999/2999 files, 8469743 valid events
2025-11-24 10:27:10,676 [INFO] B: used 2380/2380 files, 21887241 valid events
2025-11-24 10:36:56,176 [INFO] C: used 5099/5099 files, 35880020 valid events
2025-11-24 10:49:30,382 [INFO] D: used 7210/7210 files, 46250270 valid events
2025-11-24 10:53:18,592 [INFO] E: used 2519/2519 files, 13963686 valid events
2025-11-24 10:59:37,182 [INFO] F: used 4197/4197 files, 23186924 valid events
2025-11-24 11:06:52,853 [INFO] G: used 4008/4008 files, 26729303 valid events
2025-11-24 11:17:37,717 [INFO] I: used 6276/6276 files, 39631976 valid events
2025-11-24 11:21:55,992 [INFO] K: used 2644/2644 files, 15808546 valid events
2025-11-24 11:33:18,272 [INFO] L: used 7356/7356 files, 42050577 valid events
2025-11-24 11:33:19,362 [INFO] Diboson: used 24/24 files, 65876 valid events
2025-11-24 11:42:45,177 [INFO] Multijet: used 972/972 files, 33716859 valid events
2025-11-24 11:42:45,299 [INFO] Single_top: used 16/16 files, 6588 valid events
2025-11-24 11:42:48,214 [INFO] ttbar: used 203/203 files, 167950 valid events
2025-11-24 11:43:00,976 [INFO] Zjets: used 573/573 files, 765210 valid events
2025-11-24 11:45:56,789 [INFO] Wjets: used 3981/3981 files, 10608470 valid events
2025-11-24 11:48:13,969 [INFO] A: used 2999/2999 files, 8381194 valid events
2025-11-24 11:54:05,160 [INFO] B: used 2380/2380 files, 21689314 valid events
2025-11-24 12:03:41,209 [INFO] C: used 5099/5099 files, 35548813 valid events
2025-11-24 12:16:02,907 [INFO] D: used 7210/7210 files, 45776217 valid events
2025-11-24 12:19:47,547 [INFO] E: used 2519/2519 files, 13805871 valid events
2025-11-24 12:26:01,099 [INFO] F: used 4197/4197 files, 22940879 valid events
2025-11-24 12:33:12,634 [INFO] G: used 4008/4008 files, 26454925 valid events
2025-11-24 12:43:52,685 [INFO] I: used 6276/6276 files, 39220796 valid events
2025-11-24 12:48:08,255 [INFO] K: used 2644/2644 files, 15649994 valid events
2025-11-24 12:59:25,059 [INFO] L: used 7356/7356 files, 41608650 valid events
2025-11-24 12:59:26,161 [INFO] Diboson: used 24/24 files, 66182 valid events
2025-11-24 13:08:53,415 [INFO] Multijet: used 972/972 files, 33589461 valid events
2025-11-24 13:08:53,539 [INFO] Single_top: used 16/16 files, 6462 valid events
2025-11-24 13:08:56,442 [INFO] ttbar: used 203/203 files, 167423 valid events
2025-11-24 13:09:09,321 [INFO] Zjets: used 573/573 files, 763744 valid events
2025-11-24 13:12:06,510 [INFO] Wjets: used 3981/3981 files, 10640689 valid events
2025-11-24 13:14:25,600 [INFO] A: used 2999/2999 files, 8415159 valid events
2025-11-24 13:20:21,234 [INFO] B: used 2380/2380 files, 21770029 valid events
2025-11-24 13:30:06,180 [INFO] C: used 5099/5099 files, 35684960 valid events
2025-11-24 13:42:39,823 [INFO] D: used 7210/7210 files, 45975301 valid events
2025-11-24 13:46:27,149 [INFO] E: used 2519/2519 files, 13878018 valid events
2025-11-24 13:52:44,177 [INFO] F: used 4197/4197 files, 23052012 valid events
2025-11-24 13:59:58,937 [INFO] G: used 4008/4008 files, 26574225 valid events
2025-11-24 14:10:42,397 [INFO] I: used 6276/6276 files, 39404182 valid events
2025-11-24 14:14:59,488 [INFO] K: used 2644/2644 files, 15718785 valid events
2025-11-24 14:26:25,345 [INFO] L: used 7356/7356 files, 41812247 valid events
2025-11-24 14:26:26,446 [INFO] Diboson: used 24/24 files, 65026 valid events
2025-11-24 14:36:04,206 [INFO] Multijet: used 972/972 files, 33573240 valid events
2025-11-24 14:36:04,330 [INFO] Single_top: used 16/16 files, 6491 valid events
2025-11-24 14:36:07,270 [INFO] ttbar: used 203/203 files, 167185 valid events
2025-11-24 14:36:20,276 [INFO] Zjets: used 573/573 files, 756238 valid events
2025-11-24 14:39:17,270 [INFO] Wjets: used 3981/3981 files, 10474243 valid events
2025-11-24 14:41:36,461 [INFO] A: used 2999/2999 files, 8502251 valid events
2025-11-24 14:47:35,487 [INFO] B: used 2380/2380 files, 21960120 valid events
2025-11-24 14:57:24,160 [INFO] C: used 5099/5099 files, 35990969 valid events
2025-11-24 15:10:02,976 [INFO] D: used 7210/7210 files, 46404851 valid events
2025-11-24 15:13:52,862 [INFO] E: used 2519/2519 files, 14016546 valid events
2025-11-24 15:20:13,620 [INFO] F: used 4197/4197 files, 23255905 valid events
2025-11-24 15:27:33,116 [INFO] G: used 4008/4008 files, 26813286 valid events
2025-11-24 15:38:23,472 [INFO] I: used 6276/6276 files, 39753539 valid events
2025-11-24 15:42:43,928 [INFO] K: used 2644/2644 files, 15839934 valid events
2025-11-24 15:54:12,966 [INFO] L: used 7356/7356 files, 42137698 valid events
2025-11-24 15:54:14,083 [INFO] Diboson: used 24/24 files, 66962 valid events
2025-11-24 16:03:45,837 [INFO] Multijet: used 972/972 files, 33732542 valid events
2025-11-24 16:03:45,961 [INFO] Single_top: used 16/16 files, 6656 valid events
2025-11-24 16:03:48,862 [INFO] ttbar: used 203/203 files, 168322 valid events
2025-11-24 16:04:01,916 [INFO] Zjets: used 573/573 files, 769817 valid events
2025-11-24 16:07:02,884 [INFO] Wjets: used 3981/3981 files, 10787038 valid events
2025-11-24 16:08:10,410 [INFO] A: used 2999/2999 files, 3717712 valid events
2025-11-24 16:10:56,730 [INFO] B: used 2380/2380 files, 9390380 valid events
2025-11-24 16:15:33,593 [INFO] C: used 5099/5099 files, 15688746 valid events
2025-11-24 16:20:33,503 [INFO] D: used 7210/7210 files, 16218218 valid events
2025-11-24 16:22:03,047 [INFO] E: used 2519/2519 files, 4738317 valid events
2025-11-24 16:24:14,916 [INFO] F: used 4197/4197 files, 6786658 valid events
2025-11-24 16:26:43,929 [INFO] G: used 4008/4008 files, 7661813 valid events
2025-11-24 16:30:28,288 [INFO] I: used 6276/6276 files, 11465525 valid events
2025-11-24 16:31:57,949 [INFO] K: used 2644/2644 files, 4574387 valid events
2025-11-24 16:35:52,029 [INFO] L: used 7356/7356 files, 11846773 valid events
2025-11-24 16:35:52,481 [INFO] Diboson: used 24/24 files, 22361 valid events
2025-11-24 16:37:39,351 [INFO] Multijet: used 971/972 files, 4324381 valid events
2025-11-24 16:37:39,434 [INFO] Single_top: used 16/16 files, 4088 valid events
2025-11-24 16:37:40,157 [INFO] ttbar: used 203/203 files, 26510 valid events
2025-11-24 16:37:46,964 [INFO] Zjets: used 573/573 files, 358246 valid events
2025-11-24 16:38:53,102 [INFO] Wjets: used 3981/3981 files, 3161296 valid events
2025-11-24 16:41:17,688 [INFO] A: used 2999/2999 files, 8502362 valid events
2025-11-24 16:47:25,457 [INFO] B: used 2380/2380 files, 21961396 valid events
2025-11-24 16:57:27,228 [INFO] C: used 5099/5099 files, 35993996 valid events
2025-11-24 17:10:23,474 [INFO] D: used 7210/7210 files, 46414887 valid events
2025-11-24 17:14:21,982 [INFO] E: used 2519/2519 files, 14018146 valid events
2025-11-24 17:20:52,568 [INFO] F: used 4197/4197 files, 23270480 valid events
2025-11-24 17:28:22,063 [INFO] G: used 4008/4008 files, 26824924 valid events
2025-11-24 17:39:26,299 [INFO] I: used 6276/6276 files, 39772740 valid events
2025-11-24 17:43:52,254 [INFO] K: used 2644/2644 files, 15864384 valid events
2025-11-24 17:55:38,885 [INFO] L: used 7356/7356 files, 42193641 valid events
2025-11-24 17:55:40,058 [INFO] Diboson: used 24/24 files, 67040 valid events
2025-11-24 18:05:19,517 [INFO] Multijet: used 972/972 files, 33788714 valid events
2025-11-24 18:05:19,653 [INFO] Single_top: used 16/16 files, 6671 valid events
2025-11-24 18:05:22,861 [INFO] ttbar: used 203/203 files, 168589 valid events
2025-11-24 18:05:36,746 [INFO] Zjets: used 573/573 files, 771004 valid events
2025-11-24 18:08:47,377 [INFO] Wjets: used 3981/3981 files, 10802515 valid events
