2025-10-18 13:39:52,341 [INFO] A: used 2999/2999 files, 1560519 valid events
2025-10-18 13:42:02,658 [INFO] B: used 2380/2380 files, 3857338 valid events
2025-10-18 13:45:23,810 [INFO] C: used 5099/5099 files, 6219022 valid events
2025-10-18 13:49:16,275 [INFO] D: used 7210/7210 files, 6619367 valid events
2025-10-18 13:50:22,226 [INFO] E: used 2519/2519 files, 1928367 valid events
2025-10-18 13:52:03,402 [INFO] F: used 4197/4197 files, 2648652 valid events
2025-10-18 13:53:56,261 [INFO] G: used 4008/4008 files, 2970439 valid events
2025-10-18 13:56:35,778 [INFO] I: used 6276/6276 files, 4476507 valid events
2025-10-18 13:57:42,367 [INFO] K: used 2644/2644 files, 1782406 valid events
2025-10-18 14:00:26,342 [INFO] L: used 7356/7356 files, 4584987 valid events
2025-10-18 14:00:26,677 [INFO] Diboson: used 24/24 files, 10575 valid events
2025-10-18 14:01:57,674 [INFO] Multijet: used 970/972 files, 1542661 valid events
2025-10-18 14:01:57,756 [INFO] Single_top: used 16/16 files, 2523 valid events
2025-10-18 14:01:58,306 [INFO] ttbar: used 203/203 files, 6278 valid events
2025-10-18 14:02:04,844 [INFO] Zjets: used 573/573 files, 210601 valid events
2025-10-18 14:02:56,090 [INFO] Wjets: used 3981/3981 files, 1413179 valid events
2025-10-18 14:03:45,435 [INFO] A: used 2999/2999 files, 1560519 valid events
2025-10-18 14:05:49,794 [INFO] B: used 2380/2380 files, 3857338 valid events
2025-10-18 14:09:20,840 [INFO] C: used 5099/5099 files, 6219022 valid events
2025-10-18 14:13:03,413 [INFO] D: used 7210/7210 files, 6619367 valid events
2025-10-18 14:14:08,214 [INFO] E: used 2519/2519 files, 1928367 valid events
2025-10-18 14:15:50,324 [INFO] F: used 4197/4197 files, 2648652 valid events
2025-10-18 14:17:43,811 [INFO] G: used 4008/4008 files, 2970439 valid events
2025-10-18 14:20:35,695 [INFO] I: used 6276/6276 files, 4476507 valid events
2025-10-18 14:21:50,177 [INFO] K: used 2644/2644 files, 1782406 valid events
2025-10-18 14:24:46,651 [INFO] L: used 7356/7356 files, 4584987 valid events
2025-10-18 14:24:47,019 [INFO] Diboson: used 24/24 files, 10575 valid events
2025-10-18 14:26:13,505 [INFO] Multijet: used 970/972 files, 1542661 valid events
2025-10-18 14:26:13,585 [INFO] Single_top: used 16/16 files, 2523 valid events
2025-10-18 14:26:14,099 [INFO] ttbar: used 203/203 files, 6278 valid events
2025-10-18 14:26:20,735 [INFO] Zjets: used 573/573 files, 210601 valid events
2025-10-18 14:27:12,188 [INFO] Wjets: used 3981/3981 files, 1413179 valid events
2025-10-18 14:28:03,790 [INFO] A: used 2999/2999 files, 1535621 valid events
2025-10-18 14:30:09,503 [INFO] B: used 2380/2380 files, 3805236 valid events
2025-10-18 14:33:30,816 [INFO] C: used 5099/5099 files, 6138822 valid events
2025-10-18 14:37:13,161 [INFO] D: used 7210/7210 files, 6492393 valid events
2025-10-18 14:38:16,721 [INFO] E: used 2519/2519 files, 1881807 valid events
2025-10-18 14:39:49,199 [INFO] F: used 4197/4197 files, 2581995 valid events
2025-10-18 14:41:38,229 [INFO] G: used 4008/4008 files, 2896853 valid events
2025-10-18 14:44:19,999 [INFO] I: used 6276/6276 files, 4367444 valid events
2025-10-18 14:45:23,432 [INFO] K: used 2644/2644 files, 1743056 valid events
2025-10-18 14:48:19,594 [INFO] L: used 7356/7356 files, 4478337 valid events
2025-10-18 14:48:19,985 [INFO] Diboson: used 24/24 files, 10535 valid events
2025-10-18 14:49:53,725 [INFO] Multijet: used 970/972 files, 1526389 valid events
2025-10-18 14:49:53,798 [INFO] Single_top: used 16/16 files, 2464 valid events
2025-10-18 14:49:54,304 [INFO] ttbar: used 203/203 files, 6244 valid events
2025-10-18 14:50:01,173 [INFO] Zjets: used 573/573 files, 209546 valid events
2025-10-18 14:50:57,338 [INFO] Wjets: used 3981/3981 files, 1401844 valid events
2025-10-18 14:51:51,561 [INFO] A: used 2999/2999 files, 1529976 valid events
2025-10-18 14:53:50,662 [INFO] B: used 2380/2380 files, 3802407 valid events
2025-10-18 14:56:54,301 [INFO] C: used 5099/5099 files, 6132042 valid events
2025-10-18 15:00:40,848 [INFO] D: used 7210/7210 files, 6482625 valid events
2025-10-18 15:01:44,994 [INFO] E: used 2519/2519 files, 1882476 valid events
2025-10-18 15:03:22,553 [INFO] F: used 4197/4197 files, 2582937 valid events
2025-10-18 15:05:07,780 [INFO] G: used 4008/4008 files, 2895075 valid events
2025-10-18 15:07:53,996 [INFO] I: used 6276/6276 files, 4365789 valid events
2025-10-18 15:09:05,201 [INFO] K: used 2644/2644 files, 1738967 valid events
2025-10-18 15:11:55,920 [INFO] L: used 7356/7356 files, 4479097 valid events
2025-10-18 15:11:56,255 [INFO] Diboson: used 24/24 files, 10436 valid events
2025-10-18 15:13:18,579 [INFO] Multijet: used 970/972 files, 1514843 valid events
2025-10-18 15:13:18,657 [INFO] Single_top: used 16/16 files, 2484 valid events
2025-10-18 15:13:19,396 [INFO] ttbar: used 203/203 files, 6225 valid events
2025-10-18 15:13:25,871 [INFO] Zjets: used 573/573 files, 204758 valid events
2025-10-18 15:14:15,762 [INFO] Wjets: used 3981/3981 files, 1378879 valid events
2025-10-18 15:15:07,724 [INFO] A: used 2999/2999 files, 1560433 valid events
2025-10-18 15:17:08,732 [INFO] B: used 2380/2380 files, 3857114 valid events
2025-10-18 15:20:36,894 [INFO] C: used 5099/5099 files, 6218663 valid events
2025-10-18 15:24:34,114 [INFO] D: used 7210/7210 files, 6618838 valid events
2025-10-18 15:25:44,753 [INFO] E: used 2519/2519 files, 1928185 valid events
2025-10-18 15:27:30,685 [INFO] F: used 4197/4197 files, 2648370 valid events
2025-10-18 15:29:37,058 [INFO] G: used 4008/4008 files, 2970147 valid events
2025-10-18 15:32:36,110 [INFO] I: used 6276/6276 files, 4476062 valid events
2025-10-18 15:33:52,795 [INFO] K: used 2644/2644 files, 1782243 valid events
2025-10-18 15:36:59,593 [INFO] L: used 7356/7356 files, 4584573 valid events
2025-10-18 15:36:59,945 [INFO] Diboson: used 24/24 files, 10575 valid events
2025-10-18 15:38:35,157 [INFO] Multijet: used 970/972 files, 1542558 valid events
2025-10-18 15:38:35,241 [INFO] Single_top: used 16/16 files, 2523 valid events
2025-10-18 15:38:35,803 [INFO] ttbar: used 203/203 files, 6277 valid events
2025-10-18 15:38:42,045 [INFO] Zjets: used 573/573 files, 210590 valid events
2025-10-18 15:39:40,860 [INFO] Wjets: used 3981/3981 files, 1413120 valid events
2025-10-18 15:40:35,442 [INFO] A: used 2999/2999 files, 1543170 valid events
2025-10-18 15:42:35,257 [INFO] B: used 2380/2380 files, 3818027 valid events
2025-10-18 15:45:44,369 [INFO] C: used 5099/5099 files, 6159324 valid events
2025-10-18 15:49:30,599 [INFO] D: used 7210/7210 files, 6535219 valid events
2025-10-18 15:50:36,688 [INFO] E: used 2519/2519 files, 1898151 valid events
2025-10-18 15:52:15,850 [INFO] F: used 4197/4197 files, 2604969 valid events
2025-10-18 15:54:09,301 [INFO] G: used 4008/4008 files, 2921954 valid events
2025-10-18 15:56:48,350 [INFO] I: used 6276/6276 files, 4403701 valid events
2025-10-18 15:57:57,330 [INFO] K: used 2644/2644 files, 1754580 valid events
2025-10-18 16:00:47,575 [INFO] L: used 7356/7356 files, 4512280 valid events
2025-10-18 16:00:47,898 [INFO] Diboson: used 24/24 files, 10450 valid events
2025-10-18 16:02:16,031 [INFO] Multijet: used 970/972 files, 1528395 valid events
2025-10-18 16:02:16,122 [INFO] Single_top: used 16/16 files, 2474 valid events
2025-10-18 16:02:16,794 [INFO] ttbar: used 203/203 files, 6234 valid events
2025-10-18 16:02:23,753 [INFO] Zjets: used 573/573 files, 209528 valid events
2025-10-18 16:03:17,239 [INFO] Wjets: used 3981/3981 files, 1390971 valid events
2025-10-18 16:04:11,130 [INFO] A: used 2999/2999 files, 1552823 valid events
2025-10-18 16:06:12,830 [INFO] B: used 2380/2380 files, 3839340 valid events
2025-10-18 16:09:33,642 [INFO] C: used 5099/5099 files, 6193267 valid events
2025-10-18 16:13:30,740 [INFO] D: used 7210/7210 files, 6585467 valid events
2025-10-18 16:14:36,848 [INFO] E: used 2519/2519 files, 1916589 valid events
2025-10-18 16:16:09,553 [INFO] F: used 4197/4197 files, 2632462 valid events
2025-10-18 16:17:58,933 [INFO] G: used 4008/4008 files, 2951961 valid events
2025-10-18 16:20:46,173 [INFO] I: used 6276/6276 files, 4449445 valid events
2025-10-18 16:21:52,010 [INFO] K: used 2644/2644 files, 1771557 valid events
2025-10-18 16:24:44,981 [INFO] L: used 7356/7356 files, 4558438 valid events
2025-10-18 16:24:45,305 [INFO] Diboson: used 24/24 files, 10325 valid events
2025-10-18 16:26:15,865 [INFO] Multijet: used 970/972 files, 1533960 valid events
2025-10-18 16:26:15,963 [INFO] Single_top: used 16/16 files, 2486 valid events
2025-10-18 16:26:16,572 [INFO] ttbar: used 203/203 files, 6209 valid events
2025-10-18 16:26:23,185 [INFO] Zjets: used 573/573 files, 208114 valid events
2025-10-18 16:27:16,307 [INFO] Wjets: used 3981/3981 files, 1358958 valid events
2025-10-18 16:28:04,959 [INFO] A: used 2999/2999 files, 1520219 valid events
2025-10-18 16:30:01,117 [INFO] B: used 2380/2380 files, 3768607 valid events
2025-10-18 16:33:20,418 [INFO] C: used 5099/5099 files, 6079177 valid events
2025-10-18 16:37:13,934 [INFO] D: used 7210/7210 files, 6429623 valid events
2025-10-18 16:38:19,406 [INFO] E: used 2519/2519 files, 1862850 valid events
2025-10-18 16:40:04,060 [INFO] F: used 4197/4197 files, 2555031 valid events
2025-10-18 16:41:58,355 [INFO] G: used 4008/4008 files, 2867423 valid events
2025-10-18 16:44:47,658 [INFO] I: used 6276/6276 files, 4321714 valid events
2025-10-18 16:45:56,747 [INFO] K: used 2644/2644 files, 1722860 valid events
2025-10-18 16:48:54,010 [INFO] L: used 7356/7356 files, 4425904 valid events
2025-10-18 16:48:54,519 [INFO] Diboson: used 24/24 files, 10361 valid events
2025-10-18 16:50:32,299 [INFO] Multijet: used 970/972 files, 1503801 valid events
2025-10-18 16:50:32,376 [INFO] Single_top: used 16/16 files, 2384 valid events
2025-10-18 16:50:32,948 [INFO] ttbar: used 203/203 files, 6182 valid events
2025-10-18 16:50:39,074 [INFO] Zjets: used 573/573 files, 207413 valid events
2025-10-18 16:51:36,001 [INFO] Wjets: used 3981/3981 files, 1371895 valid events
2025-10-18 16:52:29,807 [INFO] A: used 2999/2999 files, 1540860 valid events
2025-10-18 16:54:41,425 [INFO] B: used 2380/2380 files, 3813757 valid events
2025-10-18 16:58:06,000 [INFO] C: used 5099/5099 files, 6151712 valid events
2025-10-18 17:02:04,731 [INFO] D: used 7210/7210 files, 6534506 valid events
2025-10-18 17:03:16,951 [INFO] E: used 2519/2519 files, 1900344 valid events
2025-10-18 17:05:01,845 [INFO] F: used 4197/4197 files, 2609741 valid events
2025-10-18 17:06:58,423 [INFO] G: used 4008/4008 files, 2925974 valid events
2025-10-18 17:09:43,706 [INFO] I: used 6276/6276 files, 4411310 valid events
2025-10-18 17:10:50,303 [INFO] K: used 2644/2644 files, 1756209 valid events
2025-10-18 17:13:49,621 [INFO] L: used 7356/7356 files, 4520055 valid events
2025-10-18 17:13:50,118 [INFO] Diboson: used 24/24 files, 10124 valid events
2025-10-18 17:15:25,841 [INFO] Multijet: used 970/972 files, 1517345 valid events
2025-10-18 17:15:25,920 [INFO] Single_top: used 16/16 files, 2442 valid events
2025-10-18 17:15:26,445 [INFO] ttbar: used 203/203 files, 6150 valid events
2025-10-18 17:15:33,214 [INFO] Zjets: used 573/573 files, 204588 valid events
2025-10-18 17:16:26,752 [INFO] Wjets: used 3981/3981 files, 1324933 valid events
2025-10-18 17:17:22,033 [INFO] A: used 2999/2999 files, 1560519 valid events
2025-10-18 17:19:33,242 [INFO] B: used 2380/2380 files, 3857338 valid events
2025-10-18 17:22:53,587 [INFO] C: used 5099/5099 files, 6219022 valid events
2025-10-18 17:26:43,151 [INFO] D: used 7210/7210 files, 6619367 valid events
2025-10-18 17:27:52,582 [INFO] E: used 2519/2519 files, 1928367 valid events
2025-10-18 17:29:35,195 [INFO] F: used 4197/4197 files, 2648652 valid events
2025-10-18 17:31:30,864 [INFO] G: used 4008/4008 files, 2970439 valid events
2025-10-18 17:34:18,215 [INFO] I: used 6276/6276 files, 4476507 valid events
2025-10-18 17:35:21,929 [INFO] K: used 2644/2644 files, 1782406 valid events
2025-10-18 17:38:23,396 [INFO] L: used 7356/7356 files, 4584987 valid events
2025-10-18 17:38:23,741 [INFO] Diboson: used 24/24 files, 10575 valid events
2025-10-18 17:39:47,962 [INFO] Multijet: used 970/972 files, 1542661 valid events
2025-10-18 17:39:48,047 [INFO] Single_top: used 16/16 files, 2523 valid events
2025-10-18 17:39:48,570 [INFO] ttbar: used 203/203 files, 6278 valid events
2025-10-18 17:39:57,323 [INFO] Zjets: used 573/573 files, 210601 valid events
2025-10-18 17:40:51,575 [INFO] Wjets: used 3981/3981 files, 1413179 valid events
2025-10-18 17:41:43,336 [INFO] A: used 2999/2999 files, 1560519 valid events
2025-10-18 17:43:51,885 [INFO] B: used 2380/2380 files, 3857338 valid events
2025-10-18 17:47:04,942 [INFO] C: used 5099/5099 files, 6219022 valid events
2025-10-18 17:50:51,807 [INFO] D: used 7210/7210 files, 6619367 valid events
2025-10-18 17:51:58,081 [INFO] E: used 2519/2519 files, 1928367 valid events
2025-10-18 17:53:40,255 [INFO] F: used 4197/4197 files, 2648652 valid events
2025-10-18 17:55:34,233 [INFO] G: used 4008/4008 files, 2970439 valid events
2025-10-18 17:58:20,214 [INFO] I: used 6276/6276 files, 4476507 valid events
2025-10-18 17:59:21,554 [INFO] K: used 2644/2644 files, 1782406 valid events
2025-10-18 18:02:23,381 [INFO] L: used 7356/7356 files, 4584987 valid events
2025-10-18 18:02:23,849 [INFO] Diboson: used 24/24 files, 10575 valid events
2025-10-18 18:03:49,902 [INFO] Multijet: used 970/972 files, 1542661 valid events
2025-10-18 18:03:49,974 [INFO] Single_top: used 16/16 files, 2523 valid events
2025-10-18 18:03:50,454 [INFO] ttbar: used 203/203 files, 6278 valid events
2025-10-18 18:03:57,435 [INFO] Zjets: used 573/573 files, 210601 valid events
2025-10-18 18:04:55,678 [INFO] Wjets: used 3981/3981 files, 1413179 valid events
2025-10-18 18:05:49,084 [INFO] A: used 2999/2999 files, 1560519 valid events
2025-10-18 18:07:50,934 [INFO] B: used 2380/2380 files, 3857338 valid events
2025-10-18 18:11:16,466 [INFO] C: used 5099/5099 files, 6219022 valid events
2025-10-18 18:15:27,269 [INFO] D: used 7210/7210 files, 6619367 valid events
2025-10-18 18:16:47,429 [INFO] E: used 2519/2519 files, 1928367 valid events
2025-10-18 18:18:30,118 [INFO] F: used 4197/4197 files, 2648652 valid events
2025-10-18 18:20:27,750 [INFO] G: used 4008/4008 files, 2970439 valid events
2025-10-18 18:23:27,944 [INFO] I: used 6276/6276 files, 4476507 valid events
2025-10-18 18:24:47,320 [INFO] K: used 2644/2644 files, 1782406 valid events
2025-10-18 18:27:48,317 [INFO] L: used 7356/7356 files, 4584987 valid events
2025-10-18 18:27:48,652 [INFO] Diboson: used 24/24 files, 10575 valid events
2025-10-18 18:29:19,029 [INFO] Multijet: used 970/972 files, 1542661 valid events
2025-10-18 18:29:19,107 [INFO] Single_top: used 16/16 files, 2523 valid events
2025-10-18 18:29:19,646 [INFO] ttbar: used 203/203 files, 6278 valid events
2025-10-18 18:29:27,472 [INFO] Zjets: used 573/573 files, 210601 valid events
2025-10-18 18:30:22,188 [INFO] Wjets: used 3981/3981 files, 1413179 valid events
