2025-09-29 09:34:10,540 [INFO] A: used 2999/2999 files, 1560519 valid events
2025-09-29 09:35:42,290 [INFO] B: used 2380/2380 files, 3857338 valid events
2025-09-29 09:38:15,883 [INFO] C: used 5099/5099 files, 6219022 valid events
2025-09-29 09:43:05,153 [INFO] D: used 6055/6055 files, 5268086 valid events
2025-09-29 09:45:05,933 [INFO] E: used 2519/2519 files, 1928367 valid events
2025-09-29 09:47:35,993 [INFO] F: used 4197/4197 files, 2648652 valid events
2025-09-29 09:49:02,202 [INFO] G: used 4008/4008 files, 2970439 valid events
2025-09-29 09:52:34,652 [INFO] I: used 6276/6276 files, 4476507 valid events
2025-09-29 09:54:34,867 [INFO] K: used 2644/2644 files, 1782406 valid events
2025-09-29 09:57:05,225 [INFO] L: used 4552/4553 files, 2721688 valid events
2025-09-29 09:57:05,549 [INFO] Diboson: used 24/24 files, 10575 valid events
2025-09-29 09:58:13,264 [INFO] Multijet: used 970/972 files, 1542661 valid events
2025-09-29 09:58:13,333 [INFO] Single_top: used 16/16 files, 2523 valid events
2025-09-29 09:58:13,763 [INFO] ttbar: used 203/203 files, 6278 valid events
2025-09-29 09:58:18,660 [INFO] Zjets: used 573/573 files, 210601 valid events
2025-09-29 09:58:31,374 [INFO] Wjets: used 1314/1314 files, 382694 valid events
2025-09-29 09:59:39,253 [INFO] A: used 2999/2999 files, 1560519 valid events
2025-09-29 10:01:07,237 [INFO] B: used 2380/2380 files, 3857338 valid events
2025-09-29 10:03:42,482 [INFO] C: used 5099/5099 files, 6219022 valid events
2025-09-29 10:05:48,689 [INFO] D: used 6055/6055 files, 5268086 valid events
2025-09-29 10:06:36,720 [INFO] E: used 2519/2519 files, 1928367 valid events
2025-09-29 10:08:12,899 [INFO] F: used 4197/4197 files, 2648652 valid events
2025-09-29 10:09:30,709 [INFO] G: used 4008/4008 files, 2970439 valid events
2025-09-29 10:12:32,476 [INFO] I: used 6276/6276 files, 4476507 valid events
2025-09-29 10:14:25,392 [INFO] K: used 2644/2644 files, 1782406 valid events
2025-09-29 10:16:46,977 [INFO] L: used 4552/4553 files, 2721688 valid events
2025-09-29 10:16:47,275 [INFO] Diboson: used 24/24 files, 10575 valid events
2025-09-29 10:17:50,187 [INFO] Multijet: used 970/972 files, 1542661 valid events
2025-09-29 10:17:50,254 [INFO] Single_top: used 16/16 files, 2523 valid events
2025-09-29 10:17:50,652 [INFO] ttbar: used 203/203 files, 6278 valid events
2025-09-29 10:17:55,359 [INFO] Zjets: used 573/573 files, 210601 valid events
2025-09-29 10:18:08,060 [INFO] Wjets: used 1314/1314 files, 382694 valid events
