2025-10-19 19:28:14,314 [INFO] A: used 2999/2999 files, 8348904 valid events
2025-10-19 19:36:20,154 [INFO] B: used 2380/2380 files, 21524248 valid events
2025-10-19 19:50:09,633 [INFO] C: used 5099/5099 files, 35342445 valid events
2025-10-19 20:08:24,951 [INFO] D: used 7210/7210 files, 45239475 valid events
2025-10-19 20:14:18,036 [INFO] E: used 2519/2519 files, 13577313 valid events
2025-10-19 20:23:31,721 [INFO] F: used 4197/4197 files, 22522856 valid events
2025-10-19 20:33:46,715 [INFO] G: used 4008/4008 files, 25958067 valid events
2025-10-19 20:49:21,078 [INFO] I: used 6276/6276 files, 38491862 valid events
2025-10-19 20:55:26,844 [INFO] K: used 2644/2644 files, 15345403 valid events
2025-10-19 21:11:39,176 [INFO] L: used 7356/7356 files, 40828840 valid events
2025-10-19 21:11:40,422 [INFO] Diboson: used 24/24 files, 58874 valid events
2025-10-19 21:21:14,391 [INFO] Multijet: used 971/972 files, 24660145 valid events
2025-10-19 21:21:14,561 [INFO] Single_top: used 16/16 files, 6505 valid events
2025-10-19 21:21:18,624 [INFO] ttbar: used 203/203 files, 158098 valid events
2025-10-19 21:21:37,350 [INFO] Zjets: used 573/573 files, 676001 valid events
2025-10-19 21:25:24,211 [INFO] Wjets: used 3981/3981 files, 9392190 valid events
2025-10-19 21:29:00,062 [INFO] A: used 2999/2999 files, 8435098 valid events
2025-10-19 21:38:00,377 [INFO] B: used 2380/2380 files, 21772540 valid events
2025-10-19 21:52:34,820 [INFO] C: used 5099/5099 files, 35706262 valid events
2025-10-19 22:11:31,463 [INFO] D: used 7210/7210 files, 45898250 valid events
2025-10-19 22:16:56,745 [INFO] E: used 2519/2519 files, 13823705 valid events
2025-10-19 22:26:06,843 [INFO] F: used 4197/4197 files, 22942749 valid events
2025-10-19 22:36:23,789 [INFO] G: used 4008/4008 files, 26441764 valid events
2025-10-19 22:52:08,826 [INFO] I: used 6276/6276 files, 39209400 valid events
2025-10-19 22:58:30,120 [INFO] K: used 2644/2644 files, 15638504 valid events
2025-10-19 23:15:22,732 [INFO] L: used 7356/7356 files, 41596065 valid events
2025-10-19 23:15:24,305 [INFO] Diboson: used 24/24 files, 64578 valid events
2025-10-19 23:26:45,413 [INFO] Multijet: used 971/972 files, 28217134 valid events
2025-10-19 23:26:45,582 [INFO] Single_top: used 16/16 files, 6643 valid events
2025-10-19 23:26:49,545 [INFO] ttbar: used 203/203 files, 164549 valid events
2025-10-19 23:27:06,493 [INFO] Zjets: used 573/573 files, 752749 valid events
2025-10-19 23:31:30,378 [INFO] Wjets: used 3981/3981 files, 10120313 valid events
2025-10-19 23:35:10,561 [INFO] A: used 2999/2999 files, 8448627 valid events
2025-10-19 23:44:23,515 [INFO] B: used 2380/2380 files, 21844757 valid events
2025-10-19 23:58:24,056 [INFO] C: used 5099/5099 files, 35806706 valid events
2025-10-20 00:15:57,576 [INFO] D: used 7210/7210 files, 46115775 valid events
2025-10-20 00:20:15,023 [INFO] E: used 2519/2519 files, 13914292 valid events
2025-10-20 00:27:22,918 [INFO] F: used 4197/4197 files, 23107849 valid events
2025-10-20 00:35:34,372 [INFO] G: used 4008/4008 files, 26645651 valid events
2025-10-20 00:47:40,979 [INFO] I: used 6276/6276 files, 39507790 valid events
2025-10-20 00:52:33,811 [INFO] K: used 2644/2644 files, 15765313 valid events
2025-10-20 01:05:20,692 [INFO] L: used 7356/7356 files, 41917978 valid events
2025-10-20 01:05:21,952 [INFO] Diboson: used 24/24 files, 66896 valid events
2025-10-20 01:15:57,185 [INFO] Multijet: used 972/972 files, 33738137 valid events
2025-10-20 01:15:57,327 [INFO] Single_top: used 16/16 files, 6570 valid events
2025-10-20 01:16:00,716 [INFO] ttbar: used 203/203 files, 168215 valid events
2025-10-20 01:16:15,699 [INFO] Zjets: used 573/573 files, 768686 valid events
2025-10-20 01:19:39,988 [INFO] Wjets: used 3981/3981 files, 10764699 valid events
2025-10-20 01:22:20,370 [INFO] A: used 2999/2999 files, 8405531 valid events
2025-10-20 01:29:03,625 [INFO] B: used 2380/2380 files, 21777897 valid events
2025-10-20 01:40:02,758 [INFO] C: used 5099/5099 files, 35692777 valid events
2025-10-20 01:54:10,390 [INFO] D: used 7210/7210 files, 45923570 valid events
2025-10-20 01:58:26,858 [INFO] E: used 2519/2519 files, 13858702 valid events
2025-10-20 02:05:33,349 [INFO] F: used 4197/4197 files, 23016884 valid events
2025-10-20 02:13:43,842 [INFO] G: used 4008/4008 files, 26533704 valid events
2025-10-20 02:25:52,595 [INFO] I: used 6276/6276 files, 39343823 valid events
2025-10-20 02:30:42,799 [INFO] K: used 2644/2644 files, 15695163 valid events
2025-10-20 02:43:33,087 [INFO] L: used 7356/7356 files, 41760863 valid events
2025-10-20 02:43:34,358 [INFO] Diboson: used 24/24 files, 66466 valid events
2025-10-20 02:54:16,025 [INFO] Multijet: used 972/972 files, 33662806 valid events
2025-10-20 02:54:16,174 [INFO] Single_top: used 16/16 files, 6583 valid events
2025-10-20 02:54:19,613 [INFO] ttbar: used 203/203 files, 167729 valid events
2025-10-20 02:54:34,319 [INFO] Zjets: used 573/573 files, 757047 valid events
2025-10-20 02:57:58,091 [INFO] Wjets: used 3981/3981 files, 10682888 valid events
2025-10-20 03:00:41,579 [INFO] A: used 2999/2999 files, 8500586 valid events
2025-10-20 03:07:36,179 [INFO] B: used 2380/2380 files, 21955771 valid events
2025-10-20 03:18:59,229 [INFO] C: used 5099/5099 files, 35983687 valid events
2025-10-20 03:33:39,463 [INFO] D: used 7210/7210 files, 46396237 valid events
2025-10-20 03:38:05,457 [INFO] E: used 2519/2519 files, 14012191 valid events
2025-10-20 03:45:27,772 [INFO] F: used 4197/4197 files, 23257525 valid events
2025-10-20 03:53:51,093 [INFO] G: used 4008/4008 files, 26808320 valid events
2025-10-20 04:06:25,037 [INFO] I: used 6276/6276 files, 39747110 valid events
2025-10-20 04:11:25,747 [INFO] K: used 2644/2644 files, 15857180 valid events
2025-10-20 04:24:41,900 [INFO] L: used 7356/7356 files, 42172211 valid events
2025-10-20 04:24:43,215 [INFO] Diboson: used 24/24 files, 67013 valid events
2025-10-20 04:35:27,067 [INFO] Multijet: used 972/972 files, 33618489 valid events
2025-10-20 04:35:27,226 [INFO] Single_top: used 16/16 files, 6670 valid events
2025-10-20 04:35:30,716 [INFO] ttbar: used 203/203 files, 168581 valid events
2025-10-20 04:35:46,139 [INFO] Zjets: used 573/573 files, 770510 valid events
2025-10-20 04:39:17,586 [INFO] Wjets: used 3981/3981 files, 10791391 valid events
2025-10-20 04:41:56,743 [INFO] A: used 2999/2999 files, 8453788 valid events
2025-10-20 04:48:36,838 [INFO] B: used 2380/2380 files, 21849336 valid events
2025-10-20 04:59:41,990 [INFO] C: used 5099/5099 files, 35816988 valid events
2025-10-20 05:13:58,839 [INFO] D: used 7210/7210 files, 46153254 valid events
2025-10-20 05:18:16,829 [INFO] E: used 2519/2519 files, 13927958 valid events
2025-10-20 05:25:22,871 [INFO] F: used 4197/4197 files, 23130566 valid events
2025-10-20 05:33:35,662 [INFO] G: used 4008/4008 files, 26666952 valid events
2025-10-20 05:45:41,833 [INFO] I: used 6276/6276 files, 39536400 valid events
2025-10-20 05:50:32,150 [INFO] K: used 2644/2644 files, 15772695 valid events
2025-10-20 06:03:31,905 [INFO] L: used 7356/7356 files, 41948675 valid events
2025-10-20 06:03:33,176 [INFO] Diboson: used 24/24 files, 66561 valid events
2025-10-20 06:14:16,592 [INFO] Multijet: used 972/972 files, 33719538 valid events
2025-10-20 06:14:16,743 [INFO] Single_top: used 16/16 files, 6598 valid events
2025-10-20 06:14:20,294 [INFO] ttbar: used 203/203 files, 168124 valid events
2025-10-20 06:14:35,676 [INFO] Zjets: used 573/573 files, 768532 valid events
2025-10-20 06:18:00,341 [INFO] Wjets: used 3981/3981 files, 10715934 valid events
2025-10-20 06:20:38,441 [INFO] A: used 2999/2999 files, 8469743 valid events
2025-10-20 06:27:20,514 [INFO] B: used 2380/2380 files, 21887241 valid events
2025-10-20 06:38:19,377 [INFO] C: used 5099/5099 files, 35880020 valid events
2025-10-20 06:52:26,860 [INFO] D: used 7210/7210 files, 46250270 valid events
2025-10-20 06:56:42,254 [INFO] E: used 2519/2519 files, 13963686 valid events
2025-10-20 07:03:49,400 [INFO] F: used 4197/4197 files, 23186924 valid events
2025-10-20 07:11:58,556 [INFO] G: used 4008/4008 files, 26729303 valid events
2025-10-20 07:24:08,311 [INFO] I: used 6276/6276 files, 39631976 valid events
2025-10-20 07:29:01,403 [INFO] K: used 2644/2644 files, 15808546 valid events
2025-10-20 07:41:54,767 [INFO] L: used 7356/7356 files, 42050577 valid events
2025-10-20 07:41:56,002 [INFO] Diboson: used 24/24 files, 65876 valid events
2025-10-20 07:52:31,985 [INFO] Multijet: used 972/972 files, 33716859 valid events
2025-10-20 07:52:32,138 [INFO] Single_top: used 16/16 files, 6588 valid events
2025-10-20 07:52:35,632 [INFO] ttbar: used 203/203 files, 167950 valid events
2025-10-20 07:52:50,465 [INFO] Zjets: used 573/573 files, 765210 valid events
2025-10-20 07:56:11,102 [INFO] Wjets: used 3981/3981 files, 10608470 valid events
2025-10-20 07:58:49,315 [INFO] A: used 2999/2999 files, 8381194 valid events
2025-10-20 08:05:25,274 [INFO] B: used 2380/2380 files, 21689314 valid events
2025-10-20 08:16:17,554 [INFO] C: used 5099/5099 files, 35548813 valid events
2025-10-20 08:30:24,841 [INFO] D: used 7210/7210 files, 45776217 valid events
2025-10-20 08:34:40,493 [INFO] E: used 2519/2519 files, 13805871 valid events
2025-10-20 08:41:43,633 [INFO] F: used 4197/4197 files, 22940879 valid events
2025-10-20 08:49:52,859 [INFO] G: used 4008/4008 files, 26454925 valid events
2025-10-20 09:01:58,880 [INFO] I: used 6276/6276 files, 39220796 valid events
2025-10-20 09:06:49,165 [INFO] K: used 2644/2644 files, 15649994 valid events
2025-10-20 09:19:39,660 [INFO] L: used 7356/7356 files, 41608650 valid events
2025-10-20 09:19:40,917 [INFO] Diboson: used 24/24 files, 66182 valid events
2025-10-20 09:30:22,977 [INFO] Multijet: used 972/972 files, 33589461 valid events
2025-10-20 09:30:23,127 [INFO] Single_top: used 16/16 files, 6462 valid events
2025-10-20 09:30:26,591 [INFO] ttbar: used 203/203 files, 167423 valid events
2025-10-20 09:30:41,385 [INFO] Zjets: used 573/573 files, 763744 valid events
2025-10-20 09:34:02,053 [INFO] Wjets: used 3981/3981 files, 10640689 valid events
2025-10-20 09:36:42,141 [INFO] A: used 2999/2999 files, 8415159 valid events
2025-10-20 09:43:23,758 [INFO] B: used 2380/2380 files, 21770029 valid events
2025-10-20 09:54:24,438 [INFO] C: used 5099/5099 files, 35684960 valid events
2025-10-20 10:08:40,086 [INFO] D: used 7210/7210 files, 45975301 valid events
2025-10-20 10:12:59,760 [INFO] E: used 2519/2519 files, 13878018 valid events
2025-10-20 10:20:10,386 [INFO] F: used 4197/4197 files, 23052012 valid events
2025-10-20 10:28:22,810 [INFO] G: used 4008/4008 files, 26574225 valid events
2025-10-20 10:40:26,691 [INFO] I: used 6276/6276 files, 39404182 valid events
2025-10-20 10:45:16,754 [INFO] K: used 2644/2644 files, 15718785 valid events
2025-10-20 10:58:18,384 [INFO] L: used 7356/7356 files, 41812247 valid events
2025-10-20 10:58:19,647 [INFO] Diboson: used 24/24 files, 65026 valid events
2025-10-20 11:09:02,868 [INFO] Multijet: used 972/972 files, 33573240 valid events
2025-10-20 11:09:03,015 [INFO] Single_top: used 16/16 files, 6491 valid events
2025-10-20 11:09:06,544 [INFO] ttbar: used 203/203 files, 167185 valid events
2025-10-20 11:09:21,529 [INFO] Zjets: used 573/573 files, 756238 valid events
2025-10-20 11:12:42,733 [INFO] Wjets: used 3981/3981 files, 10474243 valid events
2025-10-20 11:15:21,546 [INFO] A: used 2999/2999 files, 8502251 valid events
2025-10-20 11:22:01,744 [INFO] B: used 2380/2380 files, 21960120 valid events
2025-10-20 11:33:02,848 [INFO] C: used 5099/5099 files, 35990969 valid events
2025-10-20 11:46:45,382 [INFO] D: used 7210/7210 files, 46404851 valid events
2025-10-20 11:50:43,980 [INFO] E: used 2519/2519 files, 14016546 valid events
2025-10-20 11:57:49,170 [INFO] F: used 4197/4197 files, 23255905 valid events
2025-10-20 12:06:02,160 [INFO] G: used 4008/4008 files, 26813286 valid events
2025-10-20 12:18:11,289 [INFO] I: used 6276/6276 files, 39753539 valid events
2025-10-20 12:23:03,543 [INFO] K: used 2644/2644 files, 15839934 valid events
2025-10-20 12:35:55,589 [INFO] L: used 7356/7356 files, 42137698 valid events
2025-10-20 12:35:56,852 [INFO] Diboson: used 24/24 files, 66962 valid events
2025-10-20 12:46:34,845 [INFO] Multijet: used 972/972 files, 33732542 valid events
2025-10-20 12:46:34,991 [INFO] Single_top: used 16/16 files, 6656 valid events
2025-10-20 12:46:38,479 [INFO] ttbar: used 203/203 files, 168322 valid events
2025-10-20 12:46:53,616 [INFO] Zjets: used 573/573 files, 769817 valid events
2025-10-20 12:50:17,253 [INFO] Wjets: used 3981/3981 files, 10787038 valid events
2025-10-20 12:51:35,255 [INFO] A: used 2999/2999 files, 3717712 valid events
2025-10-20 12:54:44,637 [INFO] B: used 2380/2380 files, 9390380 valid events
2025-10-20 13:00:00,975 [INFO] C: used 5099/5099 files, 15688746 valid events
2025-10-20 13:05:43,268 [INFO] D: used 7210/7210 files, 16218218 valid events
2025-10-20 13:07:24,839 [INFO] E: used 2519/2519 files, 4738317 valid events
2025-10-20 13:09:54,820 [INFO] F: used 4197/4197 files, 6786658 valid events
2025-10-20 13:12:45,013 [INFO] G: used 4008/4008 files, 7661813 valid events
2025-10-20 13:16:57,772 [INFO] I: used 6276/6276 files, 11465525 valid events
2025-10-20 13:18:38,609 [INFO] K: used 2644/2644 files, 4574387 valid events
2025-10-20 13:23:08,090 [INFO] L: used 7356/7356 files, 11846773 valid events
2025-10-20 13:23:08,629 [INFO] Diboson: used 24/24 files, 22361 valid events
2025-10-20 13:25:10,398 [INFO] Multijet: used 971/972 files, 4324381 valid events
2025-10-20 13:25:10,493 [INFO] Single_top: used 16/16 files, 4088 valid events
2025-10-20 13:25:11,339 [INFO] ttbar: used 203/203 files, 26510 valid events
2025-10-20 13:25:19,245 [INFO] Zjets: used 573/573 files, 358246 valid events
2025-10-20 13:26:36,225 [INFO] Wjets: used 3981/3981 files, 3161296 valid events
2025-10-20 13:29:21,164 [INFO] A: used 2999/2999 files, 8502362 valid events
2025-10-20 13:36:14,426 [INFO] B: used 2380/2380 files, 21961396 valid events
2025-10-20 13:47:36,785 [INFO] C: used 5099/5099 files, 35993996 valid events
2025-10-20 14:02:47,011 [INFO] D: used 7210/7210 files, 46414887 valid events
2025-10-20 14:07:14,052 [INFO] E: used 2519/2519 files, 14018146 valid events
2025-10-20 14:14:38,648 [INFO] F: used 4197/4197 files, 23270480 valid events
2025-10-20 14:23:10,063 [INFO] G: used 4008/4008 files, 26824924 valid events
2025-10-20 14:35:44,251 [INFO] I: used 6276/6276 files, 39772740 valid events
2025-10-20 14:40:43,763 [INFO] K: used 2644/2644 files, 15864384 valid events
2025-10-20 14:54:00,471 [INFO] L: used 7356/7356 files, 42193641 valid events
2025-10-20 14:54:01,770 [INFO] Diboson: used 24/24 files, 67040 valid events
2025-10-20 15:04:50,970 [INFO] Multijet: used 972/972 files, 33788714 valid events
2025-10-20 15:04:51,138 [INFO] Single_top: used 16/16 files, 6671 valid events
2025-10-20 15:04:54,709 [INFO] ttbar: used 203/203 files, 168589 valid events
2025-10-20 15:05:10,089 [INFO] Zjets: used 573/573 files, 771004 valid events
2025-10-20 15:08:44,201 [INFO] Wjets: used 3981/3981 files, 10802515 valid events
