2025-09-28 15:15:48,518 [INFO] A: used 2999/2999 files, 1560519 valid events
2025-09-28 15:17:26,456 [INFO] B: used 2380/2380 files, 3857338 valid events
2025-09-28 15:20:30,385 [INFO] C: used 5099/5099 files, 6219022 valid events
2025-09-28 15:23:37,536 [INFO] D: used 6055/6055 files, 5268086 valid events
2025-09-28 15:24:30,683 [INFO] E: used 2519/2519 files, 1928367 valid events
2025-09-28 15:26:07,516 [INFO] F: used 4197/4197 files, 2648652 valid events
2025-09-28 15:27:34,374 [INFO] G: used 4008/4008 files, 2970439 valid events
2025-09-28 15:29:54,235 [INFO] I: used 6276/6276 files, 4476507 valid events
2025-09-28 15:30:46,849 [INFO] K: used 2644/2644 files, 1782406 valid events
2025-09-28 15:32:08,578 [INFO] L: used 4552/4553 files, 2721688 valid events
2025-09-28 15:32:08,880 [INFO] Diboson: used 24/24 files, 10575 valid events
2025-09-28 15:33:22,551 [INFO] Multijet: used 970/972 files, 1542661 valid events
2025-09-28 15:33:22,624 [INFO] Single_top: used 16/16 files, 2523 valid events
2025-09-28 15:33:23,119 [INFO] ttbar: used 203/203 files, 6278 valid events
2025-09-28 15:33:28,449 [INFO] Zjets: used 573/573 files, 210601 valid events
2025-09-28 15:33:40,401 [INFO] Wjets: used 1111/1111 files, 321487 valid events
2025-09-28 15:34:23,148 [INFO] A: used 2999/2999 files, 1560519 valid events
2025-09-28 15:36:04,068 [INFO] B: used 2380/2380 files, 3857338 valid events
2025-09-28 15:38:48,646 [INFO] C: used 5099/5099 files, 6219022 valid events
2025-09-28 15:41:18,141 [INFO] D: used 6055/6055 files, 5268086 valid events
2025-09-28 15:42:14,503 [INFO] E: used 2519/2519 files, 1928367 valid events
2025-09-28 15:43:34,104 [INFO] F: used 4197/4197 files, 2648652 valid events
2025-09-28 15:45:05,682 [INFO] G: used 4008/4008 files, 2970439 valid events
2025-09-28 15:47:20,811 [INFO] I: used 6276/6276 files, 4476507 valid events
2025-09-28 15:48:14,397 [INFO] K: used 2644/2644 files, 1782406 valid events
2025-09-28 15:49:40,249 [INFO] L: used 4552/4553 files, 2721688 valid events
2025-09-28 15:49:40,557 [INFO] Diboson: used 24/24 files, 10575 valid events
2025-09-28 15:50:55,766 [INFO] Multijet: used 970/972 files, 1542661 valid events
2025-09-28 15:50:55,834 [INFO] Single_top: used 16/16 files, 2523 valid events
2025-09-28 15:50:56,298 [INFO] ttbar: used 203/203 files, 6278 valid events
2025-09-28 15:51:01,750 [INFO] Zjets: used 573/573 files, 210601 valid events
2025-09-28 15:51:13,638 [INFO] Wjets: used 1116/1116 files, 322961 valid events
2025-09-28 15:51:55,687 [INFO] A: used 2999/2999 files, 1535621 valid events
2025-09-28 15:53:36,285 [INFO] B: used 2380/2380 files, 3805236 valid events
2025-09-28 15:56:21,524 [INFO] C: used 5099/5099 files, 6138822 valid events
2025-09-28 15:58:49,676 [INFO] D: used 6055/6055 files, 5165762 valid events
2025-09-28 15:59:44,474 [INFO] E: used 2519/2519 files, 1881807 valid events
2025-09-28 16:01:04,816 [INFO] F: used 4197/4197 files, 2581995 valid events
2025-09-28 16:02:34,526 [INFO] G: used 4008/4008 files, 2896853 valid events
2025-09-28 16:04:49,038 [INFO] I: used 6276/6276 files, 4367444 valid events
2025-09-28 16:05:44,347 [INFO] K: used 2644/2644 files, 1743056 valid events
2025-09-28 16:07:08,414 [INFO] L: used 4552/4553 files, 2657989 valid events
2025-09-28 16:07:08,726 [INFO] Diboson: used 24/24 files, 10535 valid events
2025-09-28 16:08:25,150 [INFO] Multijet: used 970/972 files, 1526389 valid events
2025-09-28 16:08:25,219 [INFO] Single_top: used 16/16 files, 2464 valid events
2025-09-28 16:08:25,664 [INFO] ttbar: used 203/203 files, 6244 valid events
2025-09-28 16:08:31,095 [INFO] Zjets: used 573/573 files, 209546 valid events
2025-09-28 16:08:42,234 [INFO] Wjets: used 1122/1122 files, 320691 valid events
2025-09-28 16:09:22,864 [INFO] A: used 2999/2999 files, 1529976 valid events
2025-09-28 16:11:01,692 [INFO] B: used 2380/2380 files, 3802407 valid events
2025-09-28 16:13:41,944 [INFO] C: used 5099/5099 files, 6132042 valid events
2025-09-28 16:16:07,989 [INFO] D: used 6055/6055 files, 5158519 valid events
2025-09-28 16:17:01,193 [INFO] E: used 2519/2519 files, 1882476 valid events
2025-09-28 16:18:19,496 [INFO] F: used 4197/4197 files, 2582937 valid events
2025-09-28 16:19:47,637 [INFO] G: used 4008/4008 files, 2895075 valid events
2025-09-28 16:21:59,697 [INFO] I: used 6276/6276 files, 4365789 valid events
2025-09-28 16:22:52,127 [INFO] K: used 2644/2644 files, 1738967 valid events
2025-09-28 16:24:15,054 [INFO] L: used 4552/4553 files, 2658477 valid events
2025-09-28 16:24:15,356 [INFO] Diboson: used 24/24 files, 10436 valid events
2025-09-28 16:25:31,437 [INFO] Multijet: used 970/972 files, 1514843 valid events
2025-09-28 16:25:31,506 [INFO] Single_top: used 16/16 files, 2484 valid events
2025-09-28 16:25:31,959 [INFO] ttbar: used 203/203 files, 6225 valid events
2025-09-28 16:25:37,544 [INFO] Zjets: used 573/573 files, 204758 valid events
2025-09-28 16:25:49,438 [INFO] Wjets: used 1126/1126 files, 315985 valid events
2025-09-28 16:26:33,419 [INFO] A: used 2999/2999 files, 1560433 valid events
2025-09-28 16:28:19,802 [INFO] B: used 2380/2380 files, 3857114 valid events
2025-09-28 16:31:13,267 [INFO] C: used 5099/5099 files, 6218663 valid events
2025-09-28 16:33:51,408 [INFO] D: used 6055/6055 files, 5267653 valid events
2025-09-28 16:34:50,103 [INFO] E: used 2519/2519 files, 1928185 valid events
2025-09-28 16:36:18,012 [INFO] F: used 4197/4197 files, 2648370 valid events
2025-09-28 16:37:55,229 [INFO] G: used 4008/4008 files, 2970147 valid events
2025-09-28 16:40:20,778 [INFO] I: used 6276/6276 files, 4476062 valid events
2025-09-28 16:41:19,129 [INFO] K: used 2644/2644 files, 1782243 valid events
2025-09-28 16:42:49,631 [INFO] L: used 4552/4553 files, 2721445 valid events
2025-09-28 16:42:49,949 [INFO] Diboson: used 24/24 files, 10575 valid events
2025-09-28 16:44:10,777 [INFO] Multijet: used 970/972 files, 1542558 valid events
2025-09-28 16:44:10,848 [INFO] Single_top: used 16/16 files, 2523 valid events
2025-09-28 16:44:11,324 [INFO] ttbar: used 203/203 files, 6277 valid events
2025-09-28 16:44:17,109 [INFO] Zjets: used 573/573 files, 210590 valid events
2025-09-28 16:44:29,987 [INFO] Wjets: used 1134/1134 files, 327608 valid events
2025-09-28 16:45:11,826 [INFO] A: used 2999/2999 files, 1543170 valid events
2025-09-28 16:46:52,692 [INFO] B: used 2380/2380 files, 3818027 valid events
2025-09-28 16:49:38,192 [INFO] C: used 5099/5099 files, 6159324 valid events
2025-09-28 16:52:06,366 [INFO] D: used 6055/6055 files, 5200423 valid events
2025-09-28 16:53:00,816 [INFO] E: used 2519/2519 files, 1898151 valid events
2025-09-28 16:54:21,094 [INFO] F: used 4197/4197 files, 2604969 valid events
2025-09-28 16:55:52,505 [INFO] G: used 4008/4008 files, 2921954 valid events
2025-09-28 16:58:07,597 [INFO] I: used 6276/6276 files, 4403701 valid events
2025-09-28 16:59:01,875 [INFO] K: used 2644/2644 files, 1754580 valid events
2025-09-28 17:00:26,145 [INFO] L: used 4552/4553 files, 2678108 valid events
2025-09-28 17:00:26,457 [INFO] Diboson: used 24/24 files, 10450 valid events
2025-09-28 17:01:41,773 [INFO] Multijet: used 970/972 files, 1528395 valid events
2025-09-28 17:01:41,845 [INFO] Single_top: used 16/16 files, 2474 valid events
2025-09-28 17:01:42,311 [INFO] ttbar: used 203/203 files, 6234 valid events
2025-09-28 17:01:47,623 [INFO] Zjets: used 573/573 files, 209528 valid events
2025-09-28 17:01:58,637 [INFO] Wjets: used 1137/1137 files, 318085 valid events
2025-09-28 17:02:39,167 [INFO] A: used 2999/2999 files, 1552823 valid events
2025-09-28 17:04:17,859 [INFO] B: used 2380/2380 files, 3839340 valid events
2025-09-28 17:06:57,702 [INFO] C: used 5099/5099 files, 6193267 valid events
2025-09-28 17:09:41,988 [INFO] D: used 6055/6055 files, 5240929 valid events
2025-09-28 17:10:35,552 [INFO] E: used 2519/2519 files, 1916589 valid events
2025-09-28 17:11:54,674 [INFO] F: used 4197/4197 files, 2632462 valid events
2025-09-28 17:13:23,373 [INFO] G: used 4008/4008 files, 2951961 valid events
2025-09-28 17:15:35,691 [INFO] I: used 6276/6276 files, 4449445 valid events
2025-09-28 17:16:28,566 [INFO] K: used 2644/2644 files, 1771557 valid events
2025-09-28 17:17:51,891 [INFO] L: used 4552/4553 files, 2705909 valid events
2025-09-28 17:17:52,193 [INFO] Diboson: used 24/24 files, 10325 valid events
2025-09-28 17:19:07,320 [INFO] Multijet: used 970/972 files, 1533960 valid events
2025-09-28 17:19:07,387 [INFO] Single_top: used 16/16 files, 2486 valid events
2025-09-28 17:19:07,820 [INFO] ttbar: used 203/203 files, 6209 valid events
2025-09-28 17:19:13,135 [INFO] Zjets: used 573/573 files, 208114 valid events
2025-09-28 17:19:24,337 [INFO] Wjets: used 1138/1138 files, 304671 valid events
2025-09-28 17:20:04,768 [INFO] A: used 2999/2999 files, 1520219 valid events
2025-09-28 17:21:42,774 [INFO] B: used 2380/2380 files, 3768607 valid events
2025-09-28 17:24:25,895 [INFO] C: used 5099/5099 files, 6079177 valid events
2025-09-28 17:26:49,946 [INFO] D: used 6055/6055 files, 5115692 valid events
2025-09-28 17:27:43,555 [INFO] E: used 2519/2519 files, 1862850 valid events
2025-09-28 17:29:01,144 [INFO] F: used 4197/4197 files, 2555031 valid events
2025-09-28 17:30:28,715 [INFO] G: used 4008/4008 files, 2867423 valid events
2025-09-28 17:32:41,584 [INFO] I: used 6276/6276 files, 4321714 valid events
2025-09-28 17:33:34,112 [INFO] K: used 2644/2644 files, 1722860 valid events
2025-09-28 17:34:55,160 [INFO] L: used 4552/4553 files, 2626150 valid events
2025-09-28 17:34:55,497 [INFO] Diboson: used 24/24 files, 10361 valid events
2025-09-28 17:36:10,390 [INFO] Multijet: used 970/972 files, 1503801 valid events
2025-09-28 17:36:10,453 [INFO] Single_top: used 16/16 files, 2384 valid events
2025-09-28 17:36:10,881 [INFO] ttbar: used 203/203 files, 6182 valid events
2025-09-28 17:36:16,203 [INFO] Zjets: used 573/573 files, 207413 valid events
2025-09-28 17:36:27,455 [INFO] Wjets: used 1141/1141 files, 314403 valid events
2025-09-28 17:37:08,897 [INFO] A: used 2999/2999 files, 1540860 valid events
2025-09-28 17:38:48,432 [INFO] B: used 2380/2380 files, 3813757 valid events
2025-09-28 17:41:30,520 [INFO] C: used 5099/5099 files, 6151712 valid events
2025-09-28 17:43:55,944 [INFO] D: used 6055/6055 files, 5200357 valid events
2025-09-28 17:44:50,473 [INFO] E: used 2519/2519 files, 1900344 valid events
2025-09-28 17:46:10,942 [INFO] F: used 4197/4197 files, 2609741 valid events
2025-09-28 17:47:41,324 [INFO] G: used 4008/4008 files, 2925974 valid events
2025-09-28 17:49:55,448 [INFO] I: used 6276/6276 files, 4411310 valid events
2025-09-28 17:50:48,588 [INFO] K: used 2644/2644 files, 1756209 valid events
2025-09-28 17:52:11,724 [INFO] L: used 4552/4553 files, 2682821 valid events
2025-09-28 17:52:12,025 [INFO] Diboson: used 24/24 files, 10124 valid events
2025-09-28 17:53:26,764 [INFO] Multijet: used 970/972 files, 1517345 valid events
2025-09-28 17:53:26,832 [INFO] Single_top: used 16/16 files, 2442 valid events
2025-09-28 17:53:27,273 [INFO] ttbar: used 203/203 files, 6150 valid events
2025-09-28 17:53:32,587 [INFO] Zjets: used 573/573 files, 204588 valid events
2025-09-28 17:53:43,601 [INFO] Wjets: used 1146/1146 files, 297481 valid events
2025-09-28 17:54:24,916 [INFO] A: used 2999/2999 files, 1560519 valid events
2025-09-28 17:56:04,344 [INFO] B: used 2380/2380 files, 3857338 valid events
2025-09-28 17:58:47,750 [INFO] C: used 5099/5099 files, 6219022 valid events
2025-09-28 18:01:13,970 [INFO] D: used 6055/6055 files, 5268086 valid events
2025-09-28 18:02:07,581 [INFO] E: used 2519/2519 files, 1928367 valid events
2025-09-28 18:03:26,902 [INFO] F: used 4197/4197 files, 2648652 valid events
2025-09-28 18:04:56,547 [INFO] G: used 4008/4008 files, 2970439 valid events
2025-09-28 18:07:10,870 [INFO] I: used 6276/6276 files, 4476507 valid events
2025-09-28 18:08:04,286 [INFO] K: used 2644/2644 files, 1782406 valid events
2025-09-28 18:09:27,772 [INFO] L: used 4552/4553 files, 2721688 valid events
2025-09-28 18:09:28,073 [INFO] Diboson: used 24/24 files, 10575 valid events
2025-09-28 18:10:42,557 [INFO] Multijet: used 970/972 files, 1542661 valid events
2025-09-28 18:10:42,626 [INFO] Single_top: used 16/16 files, 2523 valid events
2025-09-28 18:10:43,064 [INFO] ttbar: used 203/203 files, 6278 valid events
2025-09-28 18:10:48,380 [INFO] Zjets: used 573/573 files, 210601 valid events
2025-09-28 18:11:00,128 [INFO] Wjets: used 1151/1151 files, 333112 valid events
2025-09-28 18:11:41,273 [INFO] A: used 2999/2999 files, 1560519 valid events
2025-09-28 18:13:22,277 [INFO] B: used 2380/2380 files, 3857338 valid events
2025-09-28 18:16:04,883 [INFO] C: used 5099/5099 files, 6219022 valid events
2025-09-28 18:18:33,076 [INFO] D: used 6055/6055 files, 5268086 valid events
2025-09-28 18:19:27,840 [INFO] E: used 2519/2519 files, 1928367 valid events
2025-09-28 18:20:48,546 [INFO] F: used 4197/4197 files, 2648652 valid events
2025-09-28 18:22:18,296 [INFO] G: used 4008/4008 files, 2970439 valid events
2025-09-28 18:24:33,366 [INFO] I: used 6276/6276 files, 4476507 valid events
